<html>
<body>
<pre>
<h1>µVision Build Log</h1>
<h2>Tool Versions:</h2>
IDE-Version: ¦ÌVision V5.24.2.0
Copyright (C) 2017 ARM Ltd and ARM Germany GmbH. All rights reserved.
License Information: Wang zuohao, U, LIC=MPPLD-8VMQK-TGW7T-RXYRT-1TV59-LF3GA
 
Tool Versions:
Toolchain:       MDK-ARM Plus  Version: 5.24.1
Toolchain Path:  D:\Kail5\ARM\ARMCC\Bin
C Compiler:      Armcc.exe V5.06 update 5 (build 528)
Assembler:       Armasm.exe V5.06 update 5 (build 528)
Linker/Locator:  ArmLink.exe V5.06 update 5 (build 528)
Library Manager: ArmAr.exe V5.06 update 5 (build 528)
Hex Converter:   FromElf.exe V5.06 update 5 (build 528)
CPU DLL:         SARMCM3.DLL V5.24.1
Dialog DLL:      DCM.DLL V1.16.0.0
Target DLL:      STLink\ST-LINKIII-KEIL_SWO.dll V3.0.1.0
Dialog DLL:      TCM.DLL V1.32.0.0
 
<h2>Project:</h2>
D:\Kail5\stm32 project\ASCµç¿ØÈýÂÖ¿¼ºË\test.uvprojx
Project File Date:  11/12/2025

<h2>Output:</h2>
*** Using Compiler 'V5.06 update 5 (build 528)', folder: 'D:\Kail5\ARM\ARMCC\Bin'
Rebuild target 'Target 1'
compiling core_cm3.c...
Warning: C4008W: splitting LDM/STM has no benefit
Start\core_cm3.c: 1 warning, 0 errors
compiling system_stm32f10x.c...
Warning: C4008W: splitting LDM/STM has no benefit
Start\system_stm32f10x.c: 1 warning, 0 errors
compiling PID.c...
Warning: C4008W: splitting LDM/STM has no benefit
User\PID.c: 1 warning, 0 errors
compiling stm32f10x_it.c...
Warning: C4008W: splitting LDM/STM has no benefit
User\stm32f10x_it.c: 1 warning, 0 errors
compiling misc.c...
Warning: C4008W: splitting LDM/STM has no benefit
Library\misc.c: 1 warning, 0 errors
compiling main.c...
Warning: C4008W: splitting LDM/STM has no benefit
User\main.c: 1 warning, 0 errors
compiling stm32f10x_adc.c...
Warning: C4008W: splitting LDM/STM has no benefit
Library\stm32f10x_adc.c: 1 warning, 0 errors
compiling stm32f10x_can.c...
Warning: C4008W: splitting LDM/STM has no benefit
Library\stm32f10x_can.c: 1 warning, 0 errors
compiling stm32f10x_dac.c...
Warning: C4008W: splitting LDM/STM has no benefit
Library\stm32f10x_dac.c: 1 warning, 0 errors
compiling stm32f10x_rcc.c...
Warning: C4008W: splitting LDM/STM has no benefit
Library\stm32f10x_rcc.c: 1 warning, 0 errors
compiling stm32f10x_spi.c...
Warning: C4008W: splitting LDM/STM has no benefit
Library\stm32f10x_spi.c: 1 warning, 0 errors
compiling stm32f10x_cec.c...
Warning: C4008W: splitting LDM/STM has no benefit
Library\stm32f10x_cec.c: 1 warning, 0 errors
compiling stm32f10x_bkp.c...
Warning: C4008W: splitting LDM/STM has no benefit
Library\stm32f10x_bkp.c: 1 warning, 0 errors
assembling startup_stm32f10x_md.s...
compiling stm32f10x_usart.c...
Warning: C4008W: splitting LDM/STM has no benefit
Library\stm32f10x_usart.c: 1 warning, 0 errors
compiling stm32f10x_rtc.c...
Warning: C4008W: splitting LDM/STM has no benefit
Library\stm32f10x_rtc.c: 1 warning, 0 errors
compiling Delay.c...
Warning: C4008W: splitting LDM/STM has no benefit
System\Delay.c: 1 warning, 0 errors
compiling stm32f10x_fsmc.c...
Warning: C4008W: splitting LDM/STM has no benefit
Library\stm32f10x_fsmc.c: 1 warning, 0 errors
compiling stm32f10x_dma.c...
Warning: C4008W: splitting LDM/STM has no benefit
Library\stm32f10x_dma.c: 1 warning, 0 errors
compiling Timer.c...
Warning: C4008W: splitting LDM/STM has no benefit
System\Timer.c: 1 warning, 0 errors
compiling stm32f10x_sdio.c...
Warning: C4008W: splitting LDM/STM has no benefit
Library\stm32f10x_sdio.c: 1 warning, 0 errors
compiling stm32f10x_dbgmcu.c...
Warning: C4008W: splitting LDM/STM has no benefit
Library\stm32f10x_dbgmcu.c: 1 warning, 0 errors
compiling stm32f10x_crc.c...
Warning: C4008W: splitting LDM/STM has no benefit
Library\stm32f10x_crc.c: 1 warning, 0 errors
compiling stm32f10x_flash.c...
Warning: C4008W: splitting LDM/STM has no benefit
Library\stm32f10x_flash.c: 1 warning, 0 errors
compiling stm32f10x_wwdg.c...
Warning: C4008W: splitting LDM/STM has no benefit
Library\stm32f10x_wwdg.c: 1 warning, 0 errors
compiling OLED_Data.c...
Warning: C4008W: splitting LDM/STM has no benefit
Hardware\OLED_Data.c: 1 warning, 0 errors
compiling stm32f10x_pwr.c...
Warning: C4008W: splitting LDM/STM has no benefit
Library\stm32f10x_pwr.c: 1 warning, 0 errors
compiling stm32f10x_exti.c...
Warning: C4008W: splitting LDM/STM has no benefit
Library\stm32f10x_exti.c: 1 warning, 0 errors
compiling stm32f10x_i2c.c...
Warning: C4008W: splitting LDM/STM has no benefit
Library\stm32f10x_i2c.c: 1 warning, 0 errors
compiling stm32f10x_gpio.c...
Warning: C4008W: splitting LDM/STM has no benefit
Library\stm32f10x_gpio.c: 1 warning, 0 errors
compiling Encoder.c...
Warning: C4008W: splitting LDM/STM has no benefit
Hardware\Encoder.c: 1 warning, 0 errors
compiling CountSenser.c...
Warning: C4008W: splitting LDM/STM has no benefit
hardware\CountSenser.c: 1 warning, 0 errors
compiling PWM.c...
Warning: C4008W: splitting LDM/STM has no benefit
Hardware\PWM.c: 1 warning, 0 errors
compiling Buzzer.c...
Warning: C4008W: splitting LDM/STM has no benefit
Hardware\Buzzer.c: 1 warning, 0 errors
compiling stm32f10x_iwdg.c...
Warning: C4008W: splitting LDM/STM has no benefit
Library\stm32f10x_iwdg.c: 1 warning, 0 errors
compiling LightSenser.c...
Warning: C4008W: splitting LDM/STM has no benefit
Hardware\LightSenser.c: 1 warning, 0 errors
compiling IC.c...
Warning: C4008W: splitting LDM/STM has no benefit
Hardware\IC.c: 1 warning, 0 errors
compiling LED.c...
Warning: C4008W: splitting LDM/STM has no benefit
Hardware\LED.c: 1 warning, 0 errors
compiling EI.c...
Warning: C4008W: splitting LDM/STM has no benefit
Hardware\EI.c: 1 warning, 0 errors
compiling Serial.c...
Warning: C4008W: splitting LDM/STM has no benefit
Hardware\Serial.c: 1 warning, 0 errors
compiling stm32f10x_tim.c...
Warning: C4008W: splitting LDM/STM has no benefit
Library\stm32f10x_tim.c: 1 warning, 0 errors
compiling Motor.c...
Warning: C4008W: splitting LDM/STM has no benefit
Hardware\Motor.c: 1 warning, 0 errors
compiling Key.c...
Warning: C4008W: splitting LDM/STM has no benefit
Hardware\Key.c: 1 warning, 0 errors
compiling Menu.c...
Warning: C4008W: splitting LDM/STM has no benefit
Hardware\Menu.c: 1 warning, 0 errors
compiling OLED.c...
Warning: C4008W: splitting LDM/STM has no benefit
Hardware\OLED.c: 1 warning, 0 errors
linking...
Program Size: Code=24056 RO-data=2816 RW-data=200 ZI-data=2912  
".\Objects\test.axf" - 0 Error(s), 0 Warning(s).

<h2>Software Packages used:</h2>

Package Vendor: Keil
                http://www.keil.com/pack/Keil.STM32F1xx_DFP.2.2.0.pack
                Keil.STM32F1xx_DFP.2.2.0
                STMicroelectronics STM32F1 Series Device Support, Drivers and Examples

<h2>Collection of Component include folders:</h2>
  .\RTE\_Target_1
  D:\Kail5\ARM\PACK\Keil\STM32F1xx_DFP\2.2.0\Device\Include

<h2>Collection of Component Files used:</h2>
Build Time Elapsed:  00:00:02
</pre>
</body>
</html>
